Archive member included because of file (symbol)

/usr/bin/../lib/gcc/arm-none-eabi/4.7.4/../../../../arm-none-eabi/lib/armv7e-m/softfp/libc.a(lib_a-__atexit.o)
                              /usr/bin/../lib/gcc/arm-none-eabi/4.7.4/../../../../arm-none-eabi/lib/armv7e-m/softfp/crt0.o (__register_exitproc)
/usr/bin/../lib/gcc/arm-none-eabi/4.7.4/../../../../arm-none-eabi/lib/armv7e-m/softfp/libc.a(lib_a-exit.o)
                              /usr/bin/../lib/gcc/arm-none-eabi/4.7.4/../../../../arm-none-eabi/lib/armv7e-m/softfp/crt0.o (exit)
/usr/bin/../lib/gcc/arm-none-eabi/4.7.4/../../../../arm-none-eabi/lib/armv7e-m/softfp/libc.a(lib_a-fini.o)
                              /usr/bin/../lib/gcc/arm-none-eabi/4.7.4/../../../../arm-none-eabi/lib/armv7e-m/softfp/crt0.o (__libc_fini_array)
/usr/bin/../lib/gcc/arm-none-eabi/4.7.4/../../../../arm-none-eabi/lib/armv7e-m/softfp/libc.a(lib_a-impure.o)
                              /usr/bin/../lib/gcc/arm-none-eabi/4.7.4/../../../../arm-none-eabi/lib/armv7e-m/softfp/libc.a(lib_a-__atexit.o) (_global_impure_ptr)
/usr/bin/../lib/gcc/arm-none-eabi/4.7.4/../../../../arm-none-eabi/lib/armv7e-m/softfp/libc.a(lib_a-init.o)
                              /usr/bin/../lib/gcc/arm-none-eabi/4.7.4/../../../../arm-none-eabi/lib/armv7e-m/softfp/crt0.o (__libc_init_array)
/usr/bin/../lib/gcc/arm-none-eabi/4.7.4/../../../../arm-none-eabi/lib/armv7e-m/softfp/libc.a(lib_a-memset.o)
                              /usr/bin/../lib/gcc/arm-none-eabi/4.7.4/../../../../arm-none-eabi/lib/armv7e-m/softfp/crt0.o (memset)
/usr/bin/../lib/gcc/arm-none-eabi/4.7.4/../../../../arm-none-eabi/lib/armv7e-m/softfp/libc.a(lib_a-__call_atexit.o)
                              /usr/bin/../lib/gcc/arm-none-eabi/4.7.4/../../../../arm-none-eabi/lib/armv7e-m/softfp/libc.a(lib_a-exit.o) (__call_exitprocs)
/usr/bin/../lib/gcc/arm-none-eabi/4.7.4/../../../../arm-none-eabi/lib/armv7e-m/softfp/libc.a(lib_a-atexit.o)
                              /usr/bin/../lib/gcc/arm-none-eabi/4.7.4/../../../../arm-none-eabi/lib/armv7e-m/softfp/libc.a(lib_a-__call_atexit.o) (atexit)

Allocating common symbols
Common symbol       size              file

TIM_OCTInitStruct   0x14              src/main.o
calibration_value   0x2               src/main.o
ADC1_ConvertedVoltage
                    0x2               src/main.o
ADC_InitStruct      0x20              src/main.o
TIM_TimeBaseStruct  0xc               src/main.o
GPIO_InitStruct     0x8               src/main.o
ADC1_ConvertedValue
                    0x2               src/main.o
ADC_CommonInitStructure
                    0x14              src/main.o

Discarded input sections

 .text          0x0000000000000000        0x0 /usr/bin/../lib/gcc/arm-none-eabi/4.7.4/armv7e-m/softfp/crti.o
 .data          0x0000000000000000        0x0 /usr/bin/../lib/gcc/arm-none-eabi/4.7.4/armv7e-m/softfp/crti.o
 .bss           0x0000000000000000        0x0 /usr/bin/../lib/gcc/arm-none-eabi/4.7.4/armv7e-m/softfp/crti.o
 .data          0x0000000000000000        0x4 /usr/bin/../lib/gcc/arm-none-eabi/4.7.4/armv7e-m/softfp/crtbegin.o
 .text          0x0000000000000000       0x70 /usr/bin/../lib/gcc/arm-none-eabi/4.7.4/../../../../arm-none-eabi/lib/armv7e-m/softfp/crt0.o
 .data          0x0000000000000000        0x0 /usr/bin/../lib/gcc/arm-none-eabi/4.7.4/../../../../arm-none-eabi/lib/armv7e-m/softfp/crt0.o
 .bss           0x0000000000000000        0x0 /usr/bin/../lib/gcc/arm-none-eabi/4.7.4/../../../../arm-none-eabi/lib/armv7e-m/softfp/crt0.o
 .ARM.extab     0x0000000000000000        0x0 /usr/bin/../lib/gcc/arm-none-eabi/4.7.4/../../../../arm-none-eabi/lib/armv7e-m/softfp/crt0.o
 .ARM.exidx     0x0000000000000000        0x8 /usr/bin/../lib/gcc/arm-none-eabi/4.7.4/../../../../arm-none-eabi/lib/armv7e-m/softfp/crt0.o
 .ARM.attributes
                0x0000000000000000       0x22 /usr/bin/../lib/gcc/arm-none-eabi/4.7.4/../../../../arm-none-eabi/lib/armv7e-m/softfp/crt0.o
 .text          0x0000000000000000        0x0 Libraries/STM32F30x_StdPeriph_Driver/src/stm32f30x_adc.o
 .data          0x0000000000000000        0x0 Libraries/STM32F30x_StdPeriph_Driver/src/stm32f30x_adc.o
 .bss           0x0000000000000000        0x0 Libraries/STM32F30x_StdPeriph_Driver/src/stm32f30x_adc.o
 .text.ADC_DeInit
                0x0000000000000000       0x74 Libraries/STM32F30x_StdPeriph_Driver/src/stm32f30x_adc.o
 .text.ADC_InjecInit
                0x0000000000000000       0x6c Libraries/STM32F30x_StdPeriph_Driver/src/stm32f30x_adc.o
 .text.ADC_CommonStructInit
                0x0000000000000000       0x3c Libraries/STM32F30x_StdPeriph_Driver/src/stm32f30x_adc.o
 .text.ADC_GetMultiModeConversionValue
                0x0000000000000000       0x4c Libraries/STM32F30x_StdPeriph_Driver/src/stm32f30x_adc.o
 .text.ADC_DisableCmd
                0x0000000000000000       0x20 Libraries/STM32F30x_StdPeriph_Driver/src/stm32f30x_adc.o
 .text.ADC_GetDisableCmdStatus
[...]
Memory Configuration

Name             Origin             Length             Attributes
FLASH            0x0000000008000000 0x0000000000040000 xr
RAM              0x0000000020000000 0x000000000000a000 xrw
MEMORY_B1        0x0000000060000000 0x0000000000000000 xr
CCMRAM           0x0000000010000000 0x0000000000002000 rw
*default*        0x0000000000000000 0xffffffffffffffff

Linker script and memory map

LOAD /usr/bin/../lib/gcc/arm-none-eabi/4.7.4/armv7e-m/softfp/crti.o
LOAD /usr/bin/../lib/gcc/arm-none-eabi/4.7.4/armv7e-m/softfp/crtbegin.o
LOAD /usr/bin/../lib/gcc/arm-none-eabi/4.7.4/../../../../arm-none-eabi/lib/armv7e-m/softfp/crt0.o
LOAD Libraries/STM32F30x_StdPeriph_Driver/src/stm32f30x_adc.o
LOAD Libraries/STM32F30x_StdPeriph_Driver/src/stm32f30x_can.o
LOAD Libraries/STM32F30x_StdPeriph_Driver/src/stm32f30x_comp.o
LOAD Libraries/STM32F30x_StdPeriph_Driver/src/stm32f30x_crc.o
LOAD Libraries/STM32F30x_StdPeriph_Driver/src/stm32f30x_dac.o
LOAD Libraries/STM32F30x_StdPeriph_Driver/src/stm32f30x_dbgmcu.o
LOAD Libraries/STM32F30x_StdPeriph_Driver/src/stm32f30x_dma.o
LOAD Libraries/STM32F30x_StdPeriph_Driver/src/stm32f30x_exti.o
LOAD Libraries/STM32F30x_StdPeriph_Driver/src/stm32f30x_flash.o
LOAD Libraries/STM32F30x_StdPeriph_Driver/src/stm32f30x_gpio.o
LOAD Libraries/STM32F30x_StdPeriph_Driver/src/stm32f30x_i2c.o
LOAD Libraries/STM32F30x_StdPeriph_Driver/src/stm32f30x_iwdg.o
LOAD Libraries/STM32F30x_StdPeriph_Driver/src/stm32f30x_misc.o
LOAD Libraries/STM32F30x_StdPeriph_Driver/src/stm32f30x_opamp.o
LOAD Libraries/STM32F30x_StdPeriph_Driver/src/stm32f30x_pwr.o
LOAD Libraries/STM32F30x_StdPeriph_Driver/src/stm32f30x_rcc.o
LOAD Libraries/STM32F30x_StdPeriph_Driver/src/stm32f30x_rtc.o
LOAD Libraries/STM32F30x_StdPeriph_Driver/src/stm32f30x_spi.o
LOAD Libraries/STM32F30x_StdPeriph_Driver/src/stm32f30x_syscfg.o
LOAD Libraries/STM32F30x_StdPeriph_Driver/src/stm32f30x_tim.o
LOAD Libraries/STM32F30x_StdPeriph_Driver/src/stm32f30x_usart.o
LOAD Libraries/STM32F30x_StdPeriph_Driver/src/stm32f30x_wwdg.o
LOAD src/common.o
LOAD src/main.o
LOAD src/stm32f3_discovery.o
LOAD src/stm32f3_discovery_l3gd20.o
LOAD src/stm32f3_discovery_lsm303dlhc.o
LOAD src/system_stm32f30x.o
LOAD src/startup_stm32f30x.o
LOAD /usr/bin/../lib/gcc/arm-none-eabi/4.7.4/../../../../arm-none-eabi/lib/armv7e-m/softfp/libm.a
LOAD /usr/bin/../lib/gcc/arm-none-eabi/4.7.4/../../../../arm-none-eabi/lib/armv7e-m/softfp/libc.a
START GROUP
LOAD /usr/bin/../lib/gcc/arm-none-eabi/4.7.4/armv7e-m/softfp/libgcc.a
LOAD /usr/bin/../lib/gcc/arm-none-eabi/4.7.4/../../../../arm-none-eabi/lib/armv7e-m/softfp/libg.a
LOAD /usr/bin/../lib/gcc/arm-none-eabi/4.7.4/../../../../arm-none-eabi/lib/armv7e-m/softfp/libc.a
END GROUP
LOAD /usr/bin/../lib/gcc/arm-none-eabi/4.7.4/armv7e-m/softfp/crtend.o
LOAD /usr/bin/../lib/gcc/arm-none-eabi/4.7.4/armv7e-m/softfp/crtn.o
                0x000000002000a000                _estack = 0x2000a000
                0x0000000000000000                _Min_Heap_Size = 0x0
                0x0000000000000200                _Min_Stack_Size = 0x200

.isr_vector     0x0000000008000000      0x188
                0x0000000008000000                . = ALIGN (0x4)
 *(.isr_vector)
 .isr_vector    0x0000000008000000      0x188 src/startup_stm32f30x.o
                0x0000000008000000                g_pfnVectors
                0x0000000008000188                . = ALIGN (0x4)

.text           0x0000000008000188     0x122c
                0x0000000008000188                . = ALIGN (0x4)
 *(.text)
 .text          0x0000000008000188       0x54 /usr/bin/../lib/gcc/arm-none-eabi/4.7.4/armv7e-m/softfp/crtbegin.o
 *(.text*)
 .text.ADC_Init
                0x00000000080001dc       0x84 Libraries/STM32F30x_StdPeriph_Driver/src/stm32f30x_adc.o
                0x00000000080001dc                ADC_Init
 .text.ADC_StructInit
                0x0000000008000260       0x54 Libraries/STM32F30x_StdPeriph_Driver/src/stm32f30x_adc.o
                0x0000000008000260                ADC_StructInit
 .text.ADC_CommonInit
                0x00000000080002b4       0xc0 Libraries/STM32F30x_StdPeriph_Driver/src/stm32f30x_adc.o
                0x00000000080002b4                ADC_CommonInit
 .text.ADC_Cmd  0x0000000008000374       0x38 Libraries/STM32F30x_StdPeriph_Driver/src/stm32f30x_adc.o
                0x0000000008000374                ADC_Cmd
 .text.ADC_StartCalibration
                0x00000000080003ac       0x20 Libraries/STM32F30x_StdPeriph_Driver/src/stm32f30x_adc.o
                0x00000000080003ac                ADC_StartCalibration
 .text.ADC_VoltageRegulatorCmd
                0x00000000080003cc       0x38 Libraries/STM32F30x_StdPeriph_Driver/src/stm32f30x_adc.o
                0x00000000080003cc                ADC_VoltageRegulatorCmd
 .text.ADC_RegularChannelConfig
                0x0000000008000404      0x22c Libraries/STM32F30x_StdPeriph_Driver/src/stm32f30x_adc.o
                0x0000000008000404                ADC_RegularChannelConfig
 .text.ADC_StartConversion
                0x0000000008000630       0x20 Libraries/STM32F30x_StdPeriph_Driver/src/stm32f30x_adc.o
                0x0000000008000630                ADC_StartConversion
 .text.ADC_GetConversionValue
                0x0000000008000650       0x1c Libraries/STM32F30x_StdPeriph_Driver/src/stm32f30x_adc.o
                0x0000000008000650                ADC_GetConversionValue
 .text.ADC_GetFlagStatus
                0x000000000800066c       0x38 Libraries/STM32F30x_StdPeriph_Driver/src/stm32f30x_adc.o
                0x000000000800066c                ADC_GetFlagStatus
 .text.ADC_SelectCalibrationMode
                0x00000000080006a4       0x2c Libraries/STM32F30x_StdPeriph_Driver/src/stm32f30x_adc.o
                0x00000000080006a4                ADC_SelectCalibrationMode
 .text.ADC_GetCalibrationStatus
                0x00000000080006d0       0x34 Libraries/STM32F30x_StdPeriph_Driver/src/stm32f30x_adc.o
                0x00000000080006d0                ADC_GetCalibrationStatus
 .text.GPIO_Init
                0x0000000008000704      0x150 Libraries/STM32F30x_StdPeriph_Driver/src/stm32f30x_gpio.o
                0x0000000008000704                GPIO_Init
 .text.GPIO_Write
                0x0000000008000854       0x1c Libraries/STM32F30x_StdPeriph_Driver/src/stm32f30x_gpio.o
                0x0000000008000854                GPIO_Write
 .text.RCC_ADCCLKConfig
                0x0000000008000870       0x70 Libraries/STM32F30x_StdPeriph_Driver/src/stm32f30x_rcc.o
                0x0000000008000870                RCC_ADCCLKConfig
 .text.RCC_AHBPeriphClockCmd
                0x00000000080008e0       0x54 Libraries/STM32F30x_StdPeriph_Driver/src/stm32f30x_rcc.o
                0x00000000080008e0                RCC_AHBPeriphClockCmd
 .text.SysTick_Handler
                0x0000000008000934       0x30 src/common.o
                0x0000000008000934                SysTick_Handler
 .text._delay_ms
                0x0000000008000964       0x38 src/common.o
                0x0000000008000964                _delay_ms
 .text.NVIC_SetPriority
                0x000000000800099c       0x5c src/main.o
 .text.SysTick_Config
                0x00000000080009f8       0x64 src/main.o
 .text.main     0x0000000008000a5c       0x9c src/main.o
                0x0000000008000a5c                main
 .text.Clock_Init
                0x0000000008000af8       0x28 src/main.o
                0x0000000008000af8                Clock_Init
 .text.ADC_conf
                0x0000000008000b20      0x1b4 src/main.o
                0x0000000008000b20                ADC_conf
 .text.GPIO_conf
                0x0000000008000cd4       0x50 src/main.o
                0x0000000008000cd4                GPIO_conf
 .text.LED_init
                0x0000000008000d24       0x6c src/main.o
                0x0000000008000d24                LED_init
 .text.SystemInit
                0x0000000008000d90       0xec src/system_stm32f30x.o
                0x0000000008000d90                SystemInit
 .text.SystemCoreClockUpdate
                0x0000000008000e7c      0x13c src/system_stm32f30x.o
                0x0000000008000e7c                SystemCoreClockUpdate
 .text.SetSysClock
                0x0000000008000fb8      0x1d8 src/system_stm32f30x.o
 .text.Reset_Handler
                0x0000000008001190       0x50 src/startup_stm32f30x.o
                0x0000000008001190                Reset_Handler
 .text.Default_Handler
                0x00000000080011e0        0x4 src/startup_stm32f30x.o
                0x00000000080011e0                RTC_Alarm_IRQHandler
                0x00000000080011e0                TIM8_TRG_COM_IRQHandler
                0x00000000080011e0                TIM8_CC_IRQHandler
                0x00000000080011e0                DebugMon_Handler
                0x00000000080011e0                TIM1_CC_IRQHandler
                0x00000000080011e0                HardFault_Handler
                0x00000000080011e0                USB_HP_IRQHandler
                0x00000000080011e0                PVD_IRQHandler
                0x00000000080011e0                PendSV_Handler
                0x00000000080011e0                NMI_Handler
                0x00000000080011e0                EXTI3_IRQHandler
                0x00000000080011e0                EXTI0_IRQHandler
                0x00000000080011e0                I2C2_EV_IRQHandler
                0x00000000080011e0                FPU_IRQHandler
                0x00000000080011e0                EXTI2_TS_IRQHandler
                0x00000000080011e0                TIM1_UP_TIM16_IRQHandler
                0x00000000080011e0                UsageFault_Handler
                0x00000000080011e0                ADC1_2_IRQHandler
                0x00000000080011e0                SPI1_IRQHandler
                0x00000000080011e0                TIM6_DAC_IRQHandler
                0x00000000080011e0                TIM8_UP_IRQHandler
                0x00000000080011e0                DMA2_Channel2_IRQHandler
                0x00000000080011e0                DMA1_Channel4_IRQHandler
                0x00000000080011e0                USART3_IRQHandler
                0x00000000080011e0                DMA1_Channel7_IRQHandler
                0x00000000080011e0                CAN1_RX1_IRQHandler
                0x00000000080011e0                UART5_IRQHandler
                0x00000000080011e0                ADC3_IRQHandler
                0x00000000080011e0                TIM4_IRQHandler
                0x00000000080011e0                DMA2_Channel1_IRQHandler
                0x00000000080011e0                I2C1_EV_IRQHandler
                0x00000000080011e0                DMA1_Channel6_IRQHandler
                0x00000000080011e0                UART4_IRQHandler
                0x00000000080011e0                DMA2_Channel4_IRQHandler
                0x00000000080011e0                TIM3_IRQHandler
                0x00000000080011e0                RCC_IRQHandler
                0x00000000080011e0                DMA1_Channel1_IRQHandler
                0x00000000080011e0                Default_Handler
                0x00000000080011e0                USBWakeUp_RMP_IRQHandler
                0x00000000080011e0                EXTI15_10_IRQHandler
                0x00000000080011e0                TIM7_IRQHandler
                0x00000000080011e0                EXTI9_5_IRQHandler
                0x00000000080011e0                TAMPER_STAMP_IRQHandler
                0x00000000080011e0                RTC_WKUP_IRQHandler
                0x00000000080011e0                SPI2_IRQHandler
                0x00000000080011e0                MemManage_Handler
                0x00000000080011e0                SVC_Handler
                0x00000000080011e0                DMA2_Channel5_IRQHandler
                0x00000000080011e0                DMA1_Channel5_IRQHandler
                0x00000000080011e0                USB_LP_IRQHandler
                0x00000000080011e0                EXTI4_IRQHandler
                0x00000000080011e0                USB_LP_CAN1_RX0_IRQHandler
                0x00000000080011e0                TIM1_TRG_COM_TIM17_IRQHandler
                0x00000000080011e0                USB_HP_CAN1_TX_IRQHandler
                0x00000000080011e0                DMA1_Channel3_IRQHandler
                0x00000000080011e0                ADC4_IRQHandler
                0x00000000080011e0                WWDG_IRQHandler
                0x00000000080011e0                TIM2_IRQHandler
                0x00000000080011e0                COMP7_IRQHandler
                0x00000000080011e0                COMP1_2_3_IRQHandler
                0x00000000080011e0                EXTI1_IRQHandler
                0x00000000080011e0                USART2_IRQHandler
                0x00000000080011e0                COMP4_5_6_IRQHandler
                0x00000000080011e0                I2C2_ER_IRQHandler
                0x00000000080011e0                DMA1_Channel2_IRQHandler
                0x00000000080011e0                TIM8_BRK_IRQHandler
                0x00000000080011e0                CAN1_SCE_IRQHandler
                0x00000000080011e0                FLASH_IRQHandler
                0x00000000080011e0                BusFault_Handler
                0x00000000080011e0                USART1_IRQHandler
                0x00000000080011e0                SPI3_IRQHandler
                0x00000000080011e0                I2C1_ER_IRQHandler
                0x00000000080011e0                USBWakeUp_IRQHandler
                0x00000000080011e0                DMA2_Channel3_IRQHandler
                0x00000000080011e0                TIM1_BRK_TIM15_IRQHandler
 .text.__register_exitproc
                0x00000000080011e4       0xac /usr/bin/../lib/gcc/arm-none-eabi/4.7.4/../../../../arm-none-eabi/lib/armv7e-m/softfp/libc.a(lib_a-__atexit.o)
                0x00000000080011e4                __register_exitproc
 .text.__libc_fini_array
                0x0000000008001290       0x50 /usr/bin/../lib/gcc/arm-none-eabi/4.7.4/../../../../arm-none-eabi/lib/armv7e-m/softfp/libc.a(lib_a-fini.o)
                0x0000000008001290                __libc_fini_array
 .text.__libc_init_array
                0x00000000080012e0       0x94 /usr/bin/../lib/gcc/arm-none-eabi/4.7.4/../../../../arm-none-eabi/lib/armv7e-m/softfp/libc.a(lib_a-init.o)
                0x00000000080012e0                __libc_init_array
 .text.startup.register_fini
                0x0000000008001374       0x14 /usr/bin/../lib/gcc/arm-none-eabi/4.7.4/../../../../arm-none-eabi/lib/armv7e-m/softfp/libc.a(lib_a-__call_atexit.o)
 .text.atexit   0x0000000008001388        0xc /usr/bin/../lib/gcc/arm-none-eabi/4.7.4/../../../../arm-none-eabi/lib/armv7e-m/softfp/libc.a(lib_a-atexit.o)
                0x0000000008001388                atexit
 *(.rodata)
 *(.rodata*)
 .rodata.str1.4
                0x0000000008001394        0x4 /usr/bin/../lib/gcc/arm-none-eabi/4.7.4/../../../../arm-none-eabi/lib/armv7e-m/softfp/libc.a(lib_a-impure.o)
 .rodata._global_impure_ptr
                0x0000000008001398        0x4 /usr/bin/../lib/gcc/arm-none-eabi/4.7.4/../../../../arm-none-eabi/lib/armv7e-m/softfp/libc.a(lib_a-impure.o)
                0x0000000008001398                _global_impure_ptr
 *(.glue_7)
 .glue_7        0x0000000000000000        0x0 linker stubs
 *(.glue_7t)
 .glue_7t       0x0000000000000000        0x0 linker stubs
 *(.eh_frame)
 .eh_frame      0x000000000800139c        0x0 /usr/bin/../lib/gcc/arm-none-eabi/4.7.4/armv7e-m/softfp/crtbegin.o
 *(.init)
 .init          0x000000000800139c        0x4 /usr/bin/../lib/gcc/arm-none-eabi/4.7.4/armv7e-m/softfp/crti.o
                0x000000000800139c                _init
 .init          0x00000000080013a0        0x8 /usr/bin/../lib/gcc/arm-none-eabi/4.7.4/armv7e-m/softfp/crtn.o
 *(.fini)
 .fini          0x00000000080013a8        0x4 /usr/bin/../lib/gcc/arm-none-eabi/4.7.4/armv7e-m/softfp/crti.o
                0x00000000080013a8                _fini
 .fini          0x00000000080013ac        0x8 /usr/bin/../lib/gcc/arm-none-eabi/4.7.4/armv7e-m/softfp/crtn.o
                0x00000000080013b4                . = ALIGN (0x4)
                0x00000000080013b4                _etext = .

.vfp11_veneer   0x00000000080013b4        0x0
 .vfp11_veneer  0x0000000000000000        0x0 linker stubs

.v4_bx          0x00000000080013b4        0x0
 .v4_bx         0x0000000000000000        0x0 linker stubs

.iplt           0x00000000080013b4        0x0
 .iplt          0x0000000000000000        0x0 /usr/bin/../lib/gcc/arm-none-eabi/4.7.4/armv7e-m/softfp/crtbegin.o

.rel.dyn        0x00000000080013b4        0x0
 .rel.iplt      0x0000000000000000        0x0 /usr/bin/../lib/gcc/arm-none-eabi/4.7.4/armv7e-m/softfp/crtbegin.o

.ARM.extab
 *(.ARM.extab* .gnu.linkonce.armextab.*)

.ARM            0x00000000080013b4        0x0
                0x00000000080013b4                __exidx_start = .
 *(.ARM.exidx*)
                0x00000000080013b4                __exidx_end = .

.preinit_array  0x00000000080013b4        0x0
                0x00000000080013b4                PROVIDE (__preinit_array_start, .)
 *(.preinit_array*)
                0x00000000080013b4                PROVIDE (__preinit_array_end, .)

.init_array     0x00000000080013b4        0x8
                0x00000000080013b4                PROVIDE (__init_array_start, .)
 *(SORT(.init_array.*))
 .init_array.00000
                0x00000000080013b4        0x4 /usr/bin/../lib/gcc/arm-none-eabi/4.7.4/../../../../arm-none-eabi/lib/armv7e-m/softfp/libc.a(lib_a-__call_atexit.o)
 *(.init_array*)
 .init_array    0x00000000080013b8        0x4 /usr/bin/../lib/gcc/arm-none-eabi/4.7.4/armv7e-m/softfp/crtbegin.o
                0x00000000080013bc                PROVIDE (__init_array_end, .)

.fini_array     0x00000000080013bc        0x4
                0x00000000080013bc                PROVIDE (__fini_array_start, .)
 *(SORT(.fini_array.*))
 *(.fini_array*)
 .fini_array    0x00000000080013bc        0x4 /usr/bin/../lib/gcc/arm-none-eabi/4.7.4/armv7e-m/softfp/crtbegin.o
                0x00000000080013c0                PROVIDE (__fini_array_end, .)
                0x00000000080013c0                _sidata = LOADADDR (.data)

.data           0x0000000020000000      0x440 load address 0x00000000080013c0
                0x0000000020000000                . = ALIGN (0x4)
                0x0000000020000000                _sdata = .
 *(.data)
 *(.data*)
 .data.SystemCoreClock
                0x0000000020000000        0x4 src/system_stm32f30x.o
                0x0000000020000000                SystemCoreClock
 .data.AHBPrescTable
                0x0000000020000004       0x10 src/system_stm32f30x.o
                0x0000000020000004                AHBPrescTable
 *fill*         0x0000000020000014        0x4 00
 .data.impure_data
                0x0000000020000018      0x428 /usr/bin/../lib/gcc/arm-none-eabi/4.7.4/../../../../arm-none-eabi/lib/armv7e-m/softfp/libc.a(lib_a-impure.o)
                0x0000000020000440                . = ALIGN (0x4)
                0x0000000020000440                _edata = .
                0x0000000008001800                _siccmram = LOADADDR (.ccmram)

.jcr            0x0000000020000440        0x0 load address 0x0000000008001800
 .jcr           0x0000000020000440        0x0 /usr/bin/../lib/gcc/arm-none-eabi/4.7.4/armv7e-m/softfp/crtbegin.o

.igot.plt       0x0000000020000440        0x0 load address 0x0000000008001800
 .igot.plt      0x0000000000000000        0x0 /usr/bin/../lib/gcc/arm-none-eabi/4.7.4/armv7e-m/softfp/crtbegin.o

.ccmram         0x0000000010000000        0x0 load address 0x0000000008001800
                0x0000000010000000                . = ALIGN (0x4)
                0x0000000010000000                _sccmram = .
 *(.ccmram)
 *(.ccmram*)
                0x0000000010000000                . = ALIGN (0x4)
                0x0000000010000000                _eccmram = .
                0x0000000010000000                . = ALIGN (0x4)

.bss            0x0000000020000440       0x84
                0x0000000020000440                _sbss = .
                0x0000000020000440                __bss_start__ = _sbss
 *(.bss)
 .bss           0x0000000020000440       0x1c /usr/bin/../lib/gcc/arm-none-eabi/4.7.4/armv7e-m/softfp/crtbegin.o
 *(.bss*)
 .bss.TimingDelay
                0x000000002000045c        0x4 src/common.o
                0x000000002000045c                TimingDelay
 *(COMMON)
 COMMON         0x0000000020000460       0x64 src/main.o
                0x0000000020000460                TIM_OCTInitStruct
                0x0000000020000474                calibration_value
                0x0000000020000476                ADC1_ConvertedVoltage
                0x0000000020000478                ADC_InitStruct
                0x0000000020000498                TIM_TimeBaseStruct
                0x00000000200004a4                GPIO_InitStruct
                0x00000000200004ac                ADC1_ConvertedValue
                0x00000000200004b0                ADC_CommonInitStructure
                0x00000000200004c4                . = ALIGN (0x4)
                0x00000000200004c4                _ebss = .
                0x00000000200004c4                __bss_end__ = _ebss

._user_heap_stack
                0x00000000200004c4      0x200
                0x00000000200004c4                . = ALIGN (0x4)
                0x00000000200004c4                PROVIDE (end, .)
                0x00000000200004c4                PROVIDE (_end, .)
                0x00000000200004c4                . = (. + _Min_Heap_Size)
                0x00000000200006c4                . = (. + _Min_Stack_Size)
 *fill*         0x00000000200004c4      0x200 00
                0x00000000200006c4                . = ALIGN (0x4)

.memory_b1_text
 *(.mb1text)
 *(.mb1text*)
 *(.mb1rodata)
 *(.mb1rodata*)

/DISCARD/
 libc.a(*)
 libm.a(*)
 libgcc.a(*)

.ARM.attributes
                0x0000000000000000       0x30
 *(.ARM.attributes)
 .ARM.attributes
                0x0000000000000000       0x24 /usr/bin/../lib/gcc/arm-none-eabi/4.7.4/armv7e-m/softfp/crti.o
 .ARM.attributes
                0x0000000000000024       0x34 /usr/bin/../lib/gcc/arm-none-eabi/4.7.4/armv7e-m/softfp/crtbegin.o
 .ARM.attributes
                0x0000000000000058       0x39 Libraries/STM32F30x_StdPeriph_Driver/src/stm32f30x_adc.o
 .ARM.attributes
                0x0000000000000091       0x39 Libraries/STM32F30x_StdPeriph_Driver/src/stm32f30x_gpio.o
 .ARM.attributes
                0x00000000000000ca       0x39 Libraries/STM32F30x_StdPeriph_Driver/src/stm32f30x_rcc.o
 .ARM.attributes
                0x0000000000000103       0x39 src/common.o
 .ARM.attributes
                0x000000000000013c       0x39 src/main.o
 .ARM.attributes
                0x0000000000000175       0x39 src/system_stm32f30x.o
 .ARM.attributes
                0x00000000000001ae       0x21 src/startup_stm32f30x.o
 .ARM.attributes
                0x00000000000001cf       0x34 /usr/bin/../lib/gcc/arm-none-eabi/4.7.4/../../../../arm-none-eabi/lib/armv7e-m/softfp/libc.a(lib_a-__atexit.o)
 .ARM.attributes
                0x0000000000000203       0x34 /usr/bin/../lib/gcc/arm-none-eabi/4.7.4/../../../../arm-none-eabi/lib/armv7e-m/softfp/libc.a(lib_a-fini.o)
 .ARM.attributes
                0x0000000000000237       0x34 /usr/bin/../lib/gcc/arm-none-eabi/4.7.4/../../../../arm-none-eabi/lib/armv7e-m/softfp/libc.a(lib_a-impure.o)
 .ARM.attributes
                0x000000000000026b       0x34 /usr/bin/../lib/gcc/arm-none-eabi/4.7.4/../../../../arm-none-eabi/lib/armv7e-m/softfp/libc.a(lib_a-init.o)
 .ARM.attributes
                0x000000000000029f       0x34 /usr/bin/../lib/gcc/arm-none-eabi/4.7.4/../../../../arm-none-eabi/lib/armv7e-m/softfp/libc.a(lib_a-__call_atexit.o)
 .ARM.attributes
                0x00000000000002d3       0x34 /usr/bin/../lib/gcc/arm-none-eabi/4.7.4/../../../../arm-none-eabi/lib/armv7e-m/softfp/libc.a(lib_a-atexit.o)
 .ARM.attributes
                0x0000000000000307       0x24 /usr/bin/../lib/gcc/arm-none-eabi/4.7.4/armv7e-m/softfp/crtn.o
OUTPUT(stm32f3.elf elf32-littlearm)

.debug_info     0x0000000000000000     0x3b91
 .debug_info    0x0000000000000000     0x159d Libraries/STM32F30x_StdPeriph_Driver/src/stm32f30x_adc.o
 .debug_info    0x000000000000159d      0x63f Libraries/STM32F30x_StdPeriph_Driver/src/stm32f30x_gpio.o
 .debug_info    0x0000000000001bdc      0xb85 Libraries/STM32F30x_StdPeriph_Driver/src/stm32f30x_rcc.o
 .debug_info    0x0000000000002761      0x139 src/common.o
 .debug_info    0x000000000000289a      0xdaf src/main.o
 .debug_info    0x0000000000003649      0x4dd src/system_stm32f30x.o
 .debug_info    0x0000000000003b26       0x6b src/startup_stm32f30x.o

.debug_abbrev   0x0000000000000000      0x8de
 .debug_abbrev  0x0000000000000000      0x194 Libraries/STM32F30x_StdPeriph_Driver/src/stm32f30x_adc.o
 .debug_abbrev  0x0000000000000194      0x198 Libraries/STM32F30x_StdPeriph_Driver/src/stm32f30x_gpio.o
 .debug_abbrev  0x000000000000032c      0x1e7 Libraries/STM32F30x_StdPeriph_Driver/src/stm32f30x_rcc.o
 .debug_abbrev  0x0000000000000513       0xa3 src/common.o
 .debug_abbrev  0x00000000000005b6      0x1cd src/main.o
 .debug_abbrev  0x0000000000000783      0x149 src/system_stm32f30x.o
 .debug_abbrev  0x00000000000008cc       0x12 src/startup_stm32f30x.o

.debug_loc      0x0000000000000000     0x1c3c
 .debug_loc     0x0000000000000000      0xe70 Libraries/STM32F30x_StdPeriph_Driver/src/stm32f30x_adc.o
 .debug_loc     0x0000000000000e70      0x2d8 Libraries/STM32F30x_StdPeriph_Driver/src/stm32f30x_gpio.o
 .debug_loc     0x0000000000001148      0x864 Libraries/STM32F30x_StdPeriph_Driver/src/stm32f30x_rcc.o
 .debug_loc     0x00000000000019ac       0x9c src/common.o
 .debug_loc     0x0000000000001a48      0x158 src/main.o
 .debug_loc     0x0000000000001ba0       0x9c src/system_stm32f30x.o

.debug_aranges  0x0000000000000000      0x4d0
 .debug_aranges
                0x0000000000000000      0x228 Libraries/STM32F30x_StdPeriph_Driver/src/stm32f30x_adc.o
 .debug_aranges
                0x0000000000000228       0x80 Libraries/STM32F30x_StdPeriph_Driver/src/stm32f30x_gpio.o
 .debug_aranges
                0x00000000000002a8      0x150 Libraries/STM32F30x_StdPeriph_Driver/src/stm32f30x_rcc.o
 .debug_aranges
                0x00000000000003f8       0x30 src/common.o
 .debug_aranges
                0x0000000000000428       0x50 src/main.o
 .debug_aranges
                0x0000000000000478       0x30 src/system_stm32f30x.o
 .debug_aranges
                0x00000000000004a8       0x28 src/startup_stm32f30x.o

.debug_ranges   0x0000000000000000      0x468
 .debug_ranges  0x0000000000000000      0x218 Libraries/STM32F30x_StdPeriph_Driver/src/stm32f30x_adc.o
 .debug_ranges  0x0000000000000218       0x70 Libraries/STM32F30x_StdPeriph_Driver/src/stm32f30x_gpio.o
 .debug_ranges  0x0000000000000288      0x140 Libraries/STM32F30x_StdPeriph_Driver/src/stm32f30x_rcc.o
 .debug_ranges  0x00000000000003c8       0x20 src/common.o
 .debug_ranges  0x00000000000003e8       0x40 src/main.o
 .debug_ranges  0x0000000000000428       0x20 src/system_stm32f30x.o
 .debug_ranges  0x0000000000000448       0x20 src/startup_stm32f30x.o

.debug_line     0x0000000000000000     0x13f5
 .debug_line    0x0000000000000000      0x76b Libraries/STM32F30x_StdPeriph_Driver/src/stm32f30x_adc.o
 .debug_line    0x000000000000076b      0x286 Libraries/STM32F30x_StdPeriph_Driver/src/stm32f30x_gpio.o
 .debug_line    0x00000000000009f1      0x4f2 Libraries/STM32F30x_StdPeriph_Driver/src/stm32f30x_rcc.o
 .debug_line    0x0000000000000ee3       0xed src/common.o
 .debug_line    0x0000000000000fd0      0x23f src/main.o
 .debug_line    0x000000000000120f      0x172 src/system_stm32f30x.o
 .debug_line    0x0000000000001381       0x74 src/startup_stm32f30x.o

.debug_str      0x0000000000000000     0x1c0b
 .debug_str     0x0000000000000000      0xba7 Libraries/STM32F30x_StdPeriph_Driver/src/stm32f30x_adc.o
                                        0xc06 (size before relaxing)
 .debug_str     0x0000000000000ba7      0x2ef Libraries/STM32F30x_StdPeriph_Driver/src/stm32f30x_gpio.o
                                        0x464 (size before relaxing)
 .debug_str     0x0000000000000e96      0x613 Libraries/STM32F30x_StdPeriph_Driver/src/stm32f30x_rcc.o
                                        0x7c0 (size before relaxing)
 .debug_str     0x00000000000014a9       0x4f src/common.o
                                        0x17e (size before relaxing)
 .debug_str     0x00000000000014f8      0x6b4 src/main.o
                                        0xb91 (size before relaxing)
 .debug_str     0x0000000000001bac       0x5f src/system_stm32f30x.o
                                        0x2af (size before relaxing)

.comment        0x0000000000000000       0x70
 .comment       0x0000000000000000       0x70 Libraries/STM32F30x_StdPeriph_Driver/src/stm32f30x_adc.o
                                         0x71 (size before relaxing)
 .comment       0x0000000000000000       0x71 Libraries/STM32F30x_StdPeriph_Driver/src/stm32f30x_gpio.o
 .comment       0x0000000000000000       0x71 Libraries/STM32F30x_StdPeriph_Driver/src/stm32f30x_rcc.o
 .comment       0x0000000000000000       0x71 src/common.o
 .comment       0x0000000000000000       0x71 src/main.o
 .comment       0x0000000000000000       0x71 src/system_stm32f30x.o

.debug_frame    0x0000000000000000      0xfb0
 .debug_frame   0x0000000000000000      0x74c Libraries/STM32F30x_StdPeriph_Driver/src/stm32f30x_adc.o
 .debug_frame   0x000000000000074c      0x180 Libraries/STM32F30x_StdPeriph_Driver/src/stm32f30x_gpio.o
 .debug_frame   0x00000000000008cc      0x44c Libraries/STM32F30x_StdPeriph_Driver/src/stm32f30x_rcc.o
 .debug_frame   0x0000000000000d18       0x60 src/common.o
 .debug_frame   0x0000000000000d78       0xdc src/main.o
 .debug_frame   0x0000000000000e54       0x64 src/system_stm32f30x.o
 .debug_frame   0x0000000000000eb8       0x34 /usr/bin/../lib/gcc/arm-none-eabi/4.7.4/../../../../arm-none-eabi/lib/armv7e-m/softfp/libc.a(lib_a-__atexit.o)
 .debug_frame   0x0000000000000eec       0x2c /usr/bin/../lib/gcc/arm-none-eabi/4.7.4/../../../../arm-none-eabi/lib/armv7e-m/softfp/libc.a(lib_a-fini.o)
 .debug_frame   0x0000000000000f18       0x30 /usr/bin/../lib/gcc/arm-none-eabi/4.7.4/../../../../arm-none-eabi/lib/armv7e-m/softfp/libc.a(lib_a-init.o)
 .debug_frame   0x0000000000000f48       0x48 /usr/bin/../lib/gcc/arm-none-eabi/4.7.4/../../../../arm-none-eabi/lib/armv7e-m/softfp/libc.a(lib_a-__call_atexit.o)
 .debug_frame   0x0000000000000f90       0x20 /usr/bin/../lib/gcc/arm-none-eabi/4.7.4/../../../../arm-none-eabi/lib/armv7e-m/softfp/libc.a(lib_a-atexit.o)
